Not connected to PVD
+++ Using GPU PhysX
Physics Engine: PhysX
Physics Device: cuda:0
GPU Pipeline: disabled
Importing module 'gym_38' (/data/code/yjh/isaacgym/python/isaacgym/_bindings/linux-x86_64/gym_38.so)
Setting GYM_USD_PLUG_INFO_PATH to /data/code/yjh/isaacgym/python/isaacgym/_bindings/linux-x86_64/usd/plugInfo.json
======================================================================
  方向C v2: 在线偏航力矩闭环修正
  Python: /data/conda/envs/unitree-rl/bin/python
======================================================================
[Load] robot_00_seed7: 10 legs
[Load] robot_01_seed42: 4 legs
[Load] robot_03_seed256: 7 legs
[Load] robot_04_seed512: 6 legs

============================================================
  Robot: robot_00_seed7  (10 legs)
============================================================
[YawComp] net_yaw_nominal=1.1316  λ=0.2420  max_adj=0.168
  [baseline] running … yaw=0.0108  lat=+0.069  fwd=+0.0925  (2.5s)
  [+yaw_closed_loop] running … Not connected to PVD
+++ Using GPU PhysX
Physics Engine: PhysX
Physics Device: cuda:0
GPU Pipeline: disabled
yaw=0.0403  lat=+0.027  fwd=-0.0174  corr_strength=1.00  (2.6s)

============================================================
  Robot: robot_01_seed42  (4 legs)
============================================================
[YawComp] net_yaw_nominal=-0.3064  λ=-0.1699  max_adj=0.108
  [baseline] running … yaw=0.0362  lat=-0.168  fwd=-0.0182  (1.6s)
  [+yaw_closed_loop] running … Not connected to PVD
+++ Using GPU PhysX
Physics Engine: PhysX
Physics Device: cuda:0
GPU Pipeline: disabled
yaw=0.0376  lat=-0.171  fwd=-0.0181  corr_strength=0.10  (1.7s)

============================================================
  Robot: robot_03_seed256  (7 legs)
============================================================
[YawComp] net_yaw_nominal=0.3941  λ=0.0985  max_adj=0.073
  [baseline] running … yaw=0.0355  lat=-0.001  fwd=-0.0632  (2.3s)
  [+yaw_closed_loop] running … Not connected to PVD
+++ Using GPU PhysX
Physics Engine: PhysX
Physics Device: cuda:0
GPU Pipeline: disabled
yaw=0.0402  lat=-0.054  fwd=-0.0642  corr_strength=0.10  (2.4s)

============================================================
  Robot: robot_04_seed512  (6 legs)
============================================================
[Grouping] 标准六足对角三脚架: group_a=[5, 1, 3]  group_b=[0, 4, 2]
[YawComp] net_yaw_nominal=0.4074  λ=0.2343  max_adj=0.130
  [baseline] running … yaw=0.0097  lat=-0.019  fwd=-0.0142  (2.1s)
  [+yaw_closed_loop] running … yaw=0.0105  lat=-0.019  fwd=-0.0150  corr_strength=0.13  (2.2s)

==========================================================================================
  方向C v2: 在线偏航力矩闭环修正 — 汇总对比
==========================================================================================
条件                    mean|yaw|     ±std  mean|lat|   mean fwd    vs base
-------------------------------------------------------------------------
baseline                 0.0231    0.013     0.0641    -0.0008      +0.0%
+yaw_closed_loop         0.0321    0.013     0.0676    -0.0287     -39.2%

机器人                           baseline  +yaw_closed_loop        改善
--------------------------------------------------------------------
robot_00_seed7                  0.0108            0.0403   -271.2%
robot_01_seed42                 0.0362            0.0376     -3.8%
robot_03_seed256                0.0355            0.0402    -13.0%
robot_04_seed512                0.0097            0.0105     -8.2%

[Save] → /data/code/yjh/Adaptation/direction_c_v2_results/yaw_closed_loop_20260623_122728.json
[Done]
